==========================================
Array Job: 19238775  Task: 1
Node: node3901
Allocated GPUs: 0,1
==========================================

Starting MedGemma-27B SR shard 1 of 4...
Start time: Thu Jul 30 00:15:32 EDT 2026

================================================================================
MEDGEMMA-27B-TEXT-IT (batched) SR INFERENCE - REDUCED CONTEXT
================================================================================
Start Time:      2026-07-30 00:16:33.405682
Model:           /orcd/compute/mghassem/001/gobi1/huggingface/hub/models--google--medgemma-27b-text-it/snapshots/5b667cf2ddcf064085bc90952edb35a0edbfb79c
Output File:     /home/yuexing/NeuRIPS25/After_PT_Removal/MedGemma-27b-text-it/results/predictions/[SR]_MedGemma27B_predictions_on_llama70b_removed.csv
Prediction col:  medgemma27b_direct_prediction
Context col:     [SR]High   Question col: question_options
max_new_tokens:  2048   batch_size: 16

Loaded 1300 input rows
Shard 1/4: 325 rows
Loaded 1300 output rows
cuDNN SDPA backend disabled (flash/mem-efficient remain enabled)

Loading model: /orcd/compute/mghassem/001/gobi1/huggingface/hub/models--google--medgemma-27b-text-it/snapshots/5b667cf2ddcf064085bc90952edb35a0edbfb79c
